------------------------------------------------------------
TimeQuest Timing Analyzer Summary
------------------------------------------------------------

Type  : Slow 1200mV 85C Model Setup 'C|altpll_0|sd1|pll7|clk[0]'
Slack : 30.407
TNS   : 0.000

Type  : Slow 1200mV 85C Model Hold 'C|altpll_0|sd1|pll7|clk[0]'
Slack : 0.341
TNS   : 0.000

Type  : Slow 1200mV 85C Model Minimum Pulse Width 'CLOCK_24'
Slack : 9.801
TNS   : 0.000

Type  : Slow 1200mV 85C Model Minimum Pulse Width 'C|altpll_0|sd1|pll7|clk[0]'
Slack : 19.678
TNS   : 0.000

Type  : Slow 1200mV 0C Model Setup 'C|altpll_0|sd1|pll7|clk[0]'
Slack : 31.150
TNS   : 0.000

Type  : Slow 1200mV 0C Model Hold 'C|altpll_0|sd1|pll7|clk[0]'
Slack : 0.306
TNS   : 0.000

Type  : Slow 1200mV 0C Model Minimum Pulse Width 'CLOCK_24'
Slack : 9.736
TNS   : 0.000

Type  : Slow 1200mV 0C Model Minimum Pulse Width 'C|altpll_0|sd1|pll7|clk[0]'
Slack : 19.694
TNS   : 0.000

Type  : Fast 1200mV 0C Model Setup 'C|altpll_0|sd1|pll7|clk[0]'
Slack : 35.880
TNS   : 0.000

Type  : Fast 1200mV 0C Model Hold 'C|altpll_0|sd1|pll7|clk[0]'
Slack : 0.148
TNS   : 0.000

Type  : Fast 1200mV 0C Model Minimum Pulse Width 'CLOCK_24'
Slack : 9.523
TNS   : 0.000

Type  : Fast 1200mV 0C Model Minimum Pulse Width 'C|altpll_0|sd1|pll7|clk[0]'
Slack : 19.712
TNS   : 0.000

------------------------------------------------------------
